// Vitest Snapshot v1, https://vitest.dev/guide/snapshot.html

exports[`date picker wrapper > should not display popup on render 1`] = `
<div>
  <div>
    <div>
      <input
        data-testid="date-picker-input"
        type="text"
      />
    </div>
  </div>
</div>
`;
